Mono path[0] = '/home/paket/.local/share/Steam/steamapps/common/PlagueInc/PlagueIncEvolved_Data/Managed'
Mono config path = '/home/paket/.local/share/Steam/steamapps/common/PlagueInc/PlagueIncEvolved_Data/MonoBleedingEdge/etc'
Preloaded 'libMouseLib64.so'
Preloaded 'libPlagueExternal.so'
Preloaded 'libPlagueExternalCoop.so'
Preloaded 'libPlagueExternalMP.so'
Preloaded 'libsteam_api.so'
Unable to preload the following plugins:
	libMouseLib.so
Display 0 'DP-1 27"': 1920x1080 (primary device).
Desktop is 1920 x 1080 @ 180 Hz
Initialize engine version: 2019.4.41f2 (6b23d448b533)
[Subsystems] Discovering subsystems at path /home/paket/.local/share/Steam/steamapps/common/PlagueInc/PlagueIncEvolved_Data/UnitySubsystems
GfxDevice: creating device client; threaded=1
Renderer: NVIDIA GeForce GTX 1080/PCIe/SSE2
Vendor:   NVIDIA Corporation
Version:  4.5.0 NVIDIA 580.178.04
GLES:     0
 GL_AMD_multi_draw_indirect GL_AMD_seamless_cubemap_per_texture GL_AMD_vertex_shader_viewport_index GL_AMD_vertex_shader_layer GL_ARB_arrays_of_arrays GL_ARB_base_instance GL_ARB_bindless_texture GL_ARB_blend_func_extended GL_ARB_buffer_storage GL_ARB_clear_buffer_object GL_ARB_clear_texture GL_ARB_clip_control GL_ARB_color_buffer_float GL_ARB_compressed_texture_pixel_storage GL_ARB_conservative_depth GL_ARB_compute_shader GL_ARB_compute_variable_group_size GL_ARB_conditional_render_inverted GL_ARB_copy_buffer GL_ARB_copy_image GL_ARB_cull_distance GL_ARB_debug_output GL_ARB_depth_buffer_float GL_ARB_depth_clamp GL_ARB_depth_texture GL_ARB_derivative_control GL_ARB_direct_state_access GL_ARB_draw_buffers GL_ARB_draw_buffers_blend GL_ARB_draw_indirect GL_ARB_draw_elements_base_vertex GL_ARB_draw_instanced GL_ARB_enhanced_layouts GL_ARB_ES2_compatibility GL_ARB_ES3_compatibility GL_ARB_ES3_1_compatibility GL_ARB_ES3_2_compatibility GL_ARB_explicit_attrib_location GL_ARB_explicit_uniform_location GL_ARB_fragmen
t_coord_conventions GL_ARB_fragment_layer_viewport GL_ARB_fragment_program GL_ARB_fragment_program_shadow GL_ARB_fragment_shader GL_ARB_fragment_shader_interlock GL_ARB_framebuffer_no_attachments GL_ARB_framebuffer_object GL_ARB_framebuffer_sRGB GL_ARB_geometry_shader4 GL_ARB_get_program_binary GL_ARB_get_texture_sub_image GL_ARB_gl_spirv GL_ARB_gpu_shader5 GL_ARB_gpu_shader_fp64 GL_ARB_gpu_shader_int64 GL_ARB_half_float_pixel GL_ARB_half_float_vertex GL_ARB_imaging GL_ARB_indirect_parameters GL_ARB_instanced_arrays GL_ARB_internalformat_query GL_ARB_internalformat_query2 GL_ARB_invalidate_subdata GL_ARB_map_buffer_alignment GL_ARB_map_buffer_range GL_ARB_multi_bind GL_ARB_multi_draw_indirect GL_ARB_multisample GL_ARB_multitexture GL_ARB_occlusion_query GL_ARB_occlusion_query2 GL_ARB_parallel_shader_compile GL_ARB_pipeline_statistics_query GL_ARB_pixel_buffer_object GL_ARB_point_parameters GL_ARB_point_sprite GL_ARB_polygon_offset_clamp GL_ARB_post_depth_coverage GL_ARB_program_interface_query GL_ARB_provoki
ng_vertex GL_ARB_query_buffer_object GL_ARB_robust_buffer_access_behavior GL_ARB_robustness GL_ARB_sample_locations GL_ARB_sample_shading GL_ARB_sampler_objects GL_ARB_seamless_cube_map GL_ARB_seamless_cubemap_per_texture GL_ARB_separate_shader_objects GL_ARB_shader_atomic_counter_ops GL_ARB_shader_atomic_counters GL_ARB_shader_ballot GL_ARB_shader_bit_encoding GL_ARB_shader_clock GL_ARB_shader_draw_parameters GL_ARB_shader_group_vote GL_ARB_shader_image_load_store GL_ARB_shader_image_size GL_ARB_shader_objects GL_ARB_shader_precision GL_ARB_shader_storage_buffer_object GL_ARB_shader_subroutine GL_ARB_shader_texture_image_samples GL_ARB_shader_texture_lod GL_ARB_shading_language_100 GL_ARB_shader_viewport_layer_array GL_ARB_shading_language_420pack GL_ARB_shading_language_include GL_ARB_shading_language_packing GL_ARB_shadow GL_ARB_sparse_buffer GL_ARB_sparse_texture GL_ARB_sparse_texture2 GL_ARB_sparse_texture_clamp GL_ARB_spirv_extensions GL_ARB_stencil_texturing GL_ARB_sync GL_ARB_tessellation_shader GL_A
RB_texture_barrier GL_ARB_texture_border_clamp GL_ARB_texture_buffer_object GL_ARB_texture_buffer_object_rgb32 GL_ARB_texture_buffer_range GL_ARB_texture_compression GL_ARB_texture_compression_bptc GL_ARB_texture_compression_rgtc GL_ARB_texture_cube_map GL_ARB_texture_cube_map_array GL_ARB_texture_env_add GL_ARB_texture_env_combine GL_ARB_texture_env_crossbar GL_ARB_texture_env_dot3 GL_ARB_texture_filter_anisotropic GL_ARB_texture_filter_minmax GL_ARB_texture_float GL_ARB_texture_gather GL_ARB_texture_mirror_clamp_to_edge GL_ARB_texture_mirrored_repeat GL_ARB_texture_multisample GL_ARB_texture_non_power_of_two GL_ARB_texture_query_levels GL_ARB_texture_query_lod GL_ARB_texture_rectangle GL_ARB_texture_rg GL_ARB_texture_rgb10_a2ui GL_ARB_texture_stencil8 GL_ARB_texture_storage GL_ARB_texture_storage_multisample GL_ARB_texture_swizzle GL_ARB_texture_view GL_ARB_timer_query GL_ARB_transform_feedback2 GL_ARB_transform_feedback3 GL_ARB_transform_feedback_instanced GL_ARB_transform_feedback_overflow_query GL_ARB_t
ranspose_matrix GL_ARB_uniform_buffer_object GL_ARB_vertex_array_bgra GL_ARB_vertex_array_object GL_ARB_vertex_attrib_64bit GL_ARB_vertex_attrib_binding GL_ARB_vertex_buffer_object GL_ARB_vertex_program GL_ARB_vertex_shader GL_ARB_vertex_type_10f_11f_11f_rev GL_ARB_vertex_type_2_10_10_10_rev GL_ARB_viewport_array GL_ARB_window_pos GL_ATI_draw_buffers GL_ATI_texture_float GL_ATI_texture_mirror_once GL_S3_s3tc GL_EXT_texture_env_add GL_EXT_abgr GL_EXT_bgra GL_EXT_bindable_uniform GL_EXT_blend_color GL_EXT_blend_equation_separate GL_EXT_blend_func_separate GL_EXT_blend_minmax GL_EXT_blend_subtract GL_EXT_compiled_vertex_array GL_EXT_Cg_shader GL_EXT_depth_bounds_test GL_EXT_direct_state_access GL_EXT_draw_buffers2 GL_EXT_draw_instanced GL_EXT_draw_range_elements GL_EXT_fog_coord GL_EXT_framebuffer_blit GL_EXT_framebuffer_multisample GL_EXTX_framebuffer_mixed_formats GL_EXT_framebuffer_multisample_blit_scaled GL_EXT_framebuffer_object GL_EXT_framebuffer_sRGB GL_EXT_geometry_shader4 GL_EXT_gpu_program_parameters 
GL_EXT_gpu_shader4 GL_EXT_multi_draw_arrays GL_EXT_multiview_texture_multisample GL_EXT_multiview_timer_query GL_EXT_packed_depth_stencil GL_EXT_packed_float GL_EXT_packed_pixels GL_EXT_pixel_buffer_object GL_EXT_point_parameters GL_EXT_polygon_offset_clamp GL_EXT_post_depth_coverage GL_EXT_provoking_vertex GL_EXT_raster_multisample GL_EXT_rescale_normal GL_EXT_secondary_color GL_EXT_separate_shader_objects GL_EXT_separate_specular_color GL_EXT_shader_image_load_formatted GL_EXT_shader_image_load_store GL_EXT_shader_integer_mix GL_EXT_shadow_funcs GL_EXT_sparse_texture2 GL_EXT_stencil_two_side GL_EXT_stencil_wrap GL_EXT_texture3D GL_EXT_texture_array GL_EXT_texture_buffer_object GL_EXT_texture_compression_dxt1 GL_EXT_texture_compression_latc GL_EXT_texture_compression_rgtc GL_EXT_texture_compression_s3tc GL_EXT_texture_cube_map GL_EXT_texture_edge_clamp GL_EXT_texture_env_combine GL_EXT_texture_env_dot3 GL_EXT_texture_filter_anisotropic GL_EXT_texture_filter_minmax GL_EXT_texture_integer GL_EXT_texture_lod G
L_EXT_texture_lod_bias GL_EXT_texture_mirror_clamp GL_EXT_texture_object GL_EXT_texture_shadow_lod GL_EXT_texture_shared_exponent GL_EXT_texture_sRGB GL_EXT_texture_sRGB_R8 GL_EXT_texture_sRGB_decode GL_EXT_texture_storage GL_EXT_texture_swizzle GL_EXT_timer_query GL_EXT_transform_feedback2 GL_EXT_vertex_array GL_EXT_vertex_array_bgra GL_EXT_vertex_attrib_64bit GL_EXT_window_rectangles GL_EXT_import_sync_object GL_NV_robustness_video_memory_purge GL_IBM_rasterpos_clip GL_IBM_texture_mirrored_repeat GL_KHR_context_flush_control GL_KHR_debug GL_EXT_memory_object GL_EXT_memory_object_fd GL_NV_memory_object_sparse GL_KHR_parallel_shader_compile GL_KHR_no_error GL_KHR_robust_buffer_access_behavior GL_KHR_robustness GL_EXT_semaphore GL_EXT_semaphore_fd GL_NV_timeline_semaphore GL_KHR_shader_subgroup GL_KTX_buffer_region GL_NV_alpha_to_coverage_dither_control GL_NV_bindless_multi_draw_indirect GL_NV_bindless_multi_draw_indirect_count GL_NV_bindless_texture GL_NV_blend_equation_advanced GL_NV_blend_equation_advanced
_coherent GL_NVX_blend_equation_advanced_multi_draw_buffers GL_NV_blend_minmax_factor GL_NV_blend_square GL_NV_clip_space_w_scaling GL_NV_command_list GL_NV_compute_program5 GL_NV_conditional_render GL_NV_conservative_raster GL_NV_conservative_raster_dilate GL_NV_conservative_raster_pre_snap_triangles GL_NV_copy_depth_to_color GL_NV_copy_image GL_NV_depth_buffer_float GL_NV_depth_clamp GL_NV_draw_texture GL_NV_draw_vulkan_image GL_NV_ES1_1_compatibility GL_NV_ES3_1_compatibility GL_NV_explicit_multisample GL_NV_feature_query GL_NV_fence GL_NV_fill_rectangle GL_NV_float_buffer GL_NV_fog_distance GL_NV_fragment_coverage_to_color GL_NV_fragment_program GL_NV_fragment_program_option GL_NV_fragment_program2 GL_NV_fragment_shader_interlock GL_NV_framebuffer_mixed_samples GL_NV_framebuffer_multisample_coverage GL_NV_geometry_shader4 GL_NV_geometry_shader_passthrough GL_NV_gpu_program4 GL_NV_internalformat_sample_query GL_NV_gpu_program4_1 GL_NV_gpu_program5 GL_NV_gpu_program5_mem_extended GL_NV_gpu_program_fp64 GL_
NV_gpu_program_multiview GL_NV_gpu_shader5 GL_NV_half_float GL_NV_light_max_exponent GL_NV_memory_attachment GL_NV_multisample_coverage GL_NV_multisample_filter_hint GL_NV_occlusion_query GL_NV_packed_depth_stencil GL_NV_parameter_buffer_object GL_NV_parameter_buffer_object2 GL_NV_path_rendering GL_NV_path_rendering_shared_edge GL_NV_pixel_data_range GL_NV_point_sprite GL_NV_primitive_restart GL_NV_query_resource GL_NV_query_resource_tag GL_NV_register_combiners GL_NV_register_combiners2 GL_NV_sample_locations GL_NV_sample_mask_override_coverage GL_NV_shader_atomic_counters GL_NV_shader_atomic_float GL_NV_shader_atomic_float64 GL_NV_shader_atomic_fp16_vector GL_NV_shader_atomic_int64 GL_NV_shader_buffer_load GL_NV_shader_storage_buffer_object GL_NV_shader_subgroup_partitioned GL_NV_stereo_view_rendering GL_NV_texgen_reflection GL_NV_texture_barrier GL_NV_texture_compression_vtc GL_NV_texture_env_combine4 GL_NV_texture_multisample GL_NV_texture_rectangle GL_NV_texture_rectangle_compressed GL_NV_texture_shader
 GL_NV_texture_shader2 GL_NV_texture_shader3 GL_NV_transform_feedback GL_NV_transform_feedback2 GL_NV_uniform_buffer_unified_memory GL_NV_uniform_buffer_std430_layout GL_NV_vdpau_interop GL_NV_vdpau_interop2 GL_NV_vertex_array_range GL_NV_vertex_array_range2 GL_NV_vertex_attrib_integer_64bit GL_NV_vertex_buffer_unified_memory GL_NV_vertex_program GL_NV_vertex_program1_1 GL_NV_vertex_program2 GL_NV_vertex_program2_option GL_NV_vertex_program3 GL_NV_viewport_array2 GL_NV_viewport_swizzle GL_NVX_conditional_render GL_NV_gpu_multicast GL_NVX_progress_fence GL_NVX_gpu_memory_info GL_NVX_nvenc_interop GL_NV_shader_thread_group GL_NV_shader_thread_shuffle GL_KHR_blend_equation_advanced GL_KHR_blend_equation_advanced_coherent GL_OVR_multiview GL_OVR_multiview2 GL_SGIS_generate_mipmap GL_SGIS_texture_lod GL_SGIX_depth_texture GL_SGIX_shadow GL_SUN_slice_accum
OPENGL LOG: Creating OpenGL 4.5 graphics device ; Context level  <OpenGL 4.5> ; Context handle 290791320
Begin MonoManager ReloadAssembly
- Completed reload, in  0.037 seconds
OnLevelWasLoaded was found on LineManager
This message has been deprecated and will be removed in a later version of Unity.
Add a delegate to SceneManager.sceneLoaded instead to get notifications after scene loading has completed 
(Filename:  Line: 369)

Default vsync count 0
requesting resize 1024 x 768
resizing window to 1024 x 768
Desktop is 1920 x 1080 @ 180 Hz
The referenced script on this Behaviour (Game Object 'ReanimateZombies') is missing! 
(Filename:  Line: 334)

UnloadTime: 0.846430 ms
/HS/  PlagueExternalMP Plugin Handshake [9292] 
(Filename: ./Runtime/Export/Debug/Debug.bindings.h Line: 39)

/HS/  PlagueExternalCoop Plugin Handshake [9292] 
(Filename: ./Runtime/Export/Debug/Debug.bindings.h Line: 39)

DontDestroyOnLoad only works for root GameObjects or components on root GameObjects. 
(Filename:  Line: 606)

SET ACTIVE LANGUAGE: English 
(Filename: ./Runtime/Export/Debug/Debug.bindings.h Line: 39)

Setting resolution: 1024x768 
(Filename: ./Runtime/Export/Debug/Debug.bindings.h Line: 39)

System Info:
Plague Inc. Evolved Version 1.24.0.3
OS: Linux 7.1 Steam Runtime 2 64bit
Processor: AMD Ryzen 7 5800X 8-Core Processor Count: 16
Graphics: 0/NVIDIA GeForce GTX 1080/PCIe/SSE2/NVIDIA Corporation/OpenGL 4.5.0 NVIDIA 580.178.04/8192 Shader: 50
Memory: system - 32007 graphics - 8192
 
(Filename: ./Runtime/Export/Debug/Debug.bindings.h Line: 39)

[S_API] SteamAPI_Init(): Loaded '/home/paket/.local/share/Steam/linux64/steamclient.so' OK.
Setting breakpad minidump AppID = 246620
SteamInternal_SetMinidumpSteamID:  Caching Steam ID:  76561199638236565 [API loaded no]
requesting resize 1024 x 768
requesting fullscreen 1024 x 768 at 0 Hz
Setting up downscaled viewport at 1024 x 768
Desktop is 1920 x 1080 @ 180 Hz
Desktop is 1920 x 1080 @ 180 Hz
Took 127ms to import rewards 
(Filename: ./Runtime/Export/Debug/Debug.bindings.h Line: 39)

InitUIHandlers 
(Filename: ./Runtime/Export/Debug/Debug.bindings.h Line: 39)

InitUIHandlers 
(Filename: ./Runtime/Export/Debug/Debug.bindings.h Line: 39)

LOADED CLIP: PLAGUE_Intro_720_Q7_Q3 (UnityEngine.VideoClip) 
(Filename: ./Runtime/Export/Debug/Debug.bindings.h Line: 39)

Registering network view:SteamNetwork (INetworkView) 
(Filename: ./Runtime/Export/Debug/Debug.bindings.h Line: 39)

*******************************************SteamManager.Initialized:True 
(Filename: ./Runtime/Export/Debug/Debug.bindings.h Line: 39)

USER STATS RECEIVED CALLBACK 
(Filename: ./Runtime/Export/Debug/Debug.bindings.h Line: 39)

User stats received for :76561199638236565 
(Filename: ./Runtime/Export/Debug/Debug.bindings.h Line: 39)

CHECKING UNLOCKS FOR STEAM PLAYER: 76561199638236565 
(Filename: ./Runtime/Export/Debug/Debug.bindings.h Line: 39)

DiseaseType: BACTERIA val: 1 next: VIRUS 
(Filename: ./Runtime/Export/Debug/Debug.bindings.h Line: 39)

DiseaseType: VIRUS val: 1 next: FUNGUS 
(Filename: ./Runtime/Export/Debug/Debug.bindings.h Line: 39)

DiseaseType: FUNGUS val: 1 next: NEURAX 
(Filename: ./Runtime/Export/Debug/Debug.bindings.h Line: 39)

All scenarios achievement failed: mst complete artificial_organs 
(Filename: ./Runtime/Export/Debug/Debug.bindings.h Line: 39)

DiseaseType: BACTERIA val: 1 -> no mega achievement 
(Filename: ./Runtime/Export/Debug/Debug.bindings.h Line: 39)

DiseaseType: BACTERIA val: 1 -> no brutal cheats 
(Filename: ./Runtime/Export/Debug/Debug.bindings.h Line: 39)

DiseaseType: PARASITE val: -1 -> no normal cheats 
(Filename: ./Runtime/Export/Debug/Debug.bindings.h Line: 39)

Cure DiseaseType: BACTERIA val: -1 -> no mega achievement 
(Filename: ./Runtime/Export/Debug/Debug.bindings.h Line: 39)

Cure DiseaseType: BACTERIA val: -1 -> no normal cheats 
(Filename: ./Runtime/Export/Debug/Debug.bindings.h Line: 39)

Cure DiseaseType: BACTERIA val: -1 -> no brutal cheats 
(Filename: ./Runtime/Export/Debug/Debug.bindings.h Line: 39)

BEGIN PLAYBACK 
(Filename: ./Runtime/Export/Debug/Debug.bindings.h Line: 39)

PLAY VID 
(Filename: ./Runtime/Export/Debug/Debug.bindings.h Line: 39)

SKIP! 
(Filename: ./Runtime/Export/Debug/Debug.bindings.h Line: 39)

CLOUD: Couldn't read "meta.dat", file does not exist 
(Filename: ./Runtime/Export/Debug/Debug.bindings.h Line: 39)

CLOUD: Could not load cloud data - meta.dat 
(Filename: ./Runtime/Export/Debug/Debug.bindings.h Line: 39)

Unloading 4 Unused Serialized files (Serialized files now loaded: 1)

Unloading 88725 unused Assets to reduce memory usage. Loaded Objects now: 283188.
Total: 249.249312 ms (FindLiveObjects: 13.578227 ms CreateObjectMapping: 9.447498 ms MarkObjects: 192.129703 ms  DeleteObjects: 34.093214 ms)

Leave focus group Button_01_Singleplayer (UIImageButton) 
(Filename: ./Runtime/Export/Debug/Debug.bindings.h Line: 39)

Set Active: local: FPS_60 options FPS_60 
(Filename: ./Runtime/Export/Debug/Debug.bindings.h Line: 39)

Leave focus group  
(Filename: ./Runtime/Export/Debug/Debug.bindings.h Line: 39)

Back to focus group Resolution (UIDropdownPopupList) 
(Filename: ./Runtime/Export/Debug/Debug.bindings.h Line: 39)

Setting screen resolution for vid: 1920x1080 
(Filename: ./Runtime/Export/Debug/Debug.bindings.h Line: 39)

requesting resize 1920 x 1080
Using native desktop resolution 1920 x 1080
requesting fullscreen 1920 x 1080 at 0 Hz
Desktop is 1920 x 1080 @ 180 Hz
Setting screen resolution: 1024x768 
(Filename: ./Runtime/Export/Debug/Debug.bindings.h Line: 39)

requesting resize 1024 x 768
requesting fullscreen 1024 x 768 at 0 Hz
Setting up downscaled viewport at 1024 x 768
Desktop is 1920 x 1080 @ 180 Hz
Leave focus group  
(Filename: ./Runtime/Export/Debug/Debug.bindings.h Line: 39)

Back to focus group Resolution (UIDropdownPopupList) 
(Filename: ./Runtime/Export/Debug/Debug.bindings.h Line: 39)

Setting screen resolution for vid: 1400x1050 
(Filename: ./Runtime/Export/Debug/Debug.bindings.h Line: 39)

requesting resize 1400 x 1050
requesting fullscreen 1400 x 1050 at 0 Hz
Setting up downscaled viewport at 1400 x 1050
Desktop is 1920 x 1080 @ 180 Hz
Leave focus group  
(Filename: ./Runtime/Export/Debug/Debug.bindings.h Line: 39)

Back to focus group Resolution (UIDropdownPopupList) 
(Filename: ./Runtime/Export/Debug/Debug.bindings.h Line: 39)

Leave focus group  
(Filename: ./Runtime/Export/Debug/Debug.bindings.h Line: 39)

Back to focus group Resolution (UIDropdownPopupList) 
(Filename: ./Runtime/Export/Debug/Debug.bindings.h Line: 39)

Setting screen resolution for vid: 1400x1050 
(Filename: ./Runtime/Export/Debug/Debug.bindings.h Line: 39)

requesting resize 1400 x 1050
requesting fullscreen 1400 x 1050 at 0 Hz
Setting up downscaled viewport at 1400 x 1050
Desktop is 1920 x 1080 @ 180 Hz
Leave focus group  
(Filename: ./Runtime/Export/Debug/Debug.bindings.h Line: 39)

Back to focus group Resolution (UIDropdownPopupList) 
(Filename: ./Runtime/Export/Debug/Debug.bindings.h Line: 39)

Setting screen resolution for vid: 1920x1080 
(Filename: ./Runtime/Export/Debug/Debug.bindings.h Line: 39)

requesting resize 1920 x 1080
Using native desktop resolution 1920 x 1080
requesting fullscreen 1920 x 1080 at 0 Hz
Desktop is 1920 x 1080 @ 180 Hz
Setting screen resolution: 1400x1050 
(Filename: ./Runtime/Export/Debug/Debug.bindings.h Line: 39)

requesting resize 1400 x 1050
requesting fullscreen 1400 x 1050 at 0 Hz
Setting up downscaled viewport at 1400 x 1050
Desktop is 1920 x 1080 @ 180 Hz
Leave focus group MasterControl (PercentageSlider) 
(Filename: ./Runtime/Export/Debug/Debug.bindings.h Line: 39)

Leave focus group Button_01_Singleplayer (UIImageButton) 
(Filename: ./Runtime/Export/Debug/Debug.bindings.h Line: 39)

CGS setup! scen  data  
(Filename: ./Runtime/Export/Debug/Debug.bindings.h Line: 39)

CGS setup! scen  data  
(Filename: ./Runtime/Export/Debug/Debug.bindings.h Line: 39)

CGS setup! scen  data  
(Filename: ./Runtime/Export/Debug/Debug.bindings.h Line: 39)

Set background geometry tp BACTERIA 
(Filename: ./Runtime/Export/Debug/Debug.bindings.h Line: 39)

Leave focus group  
(Filename: ./Runtime/Export/Debug/Debug.bindings.h Line: 39)

Back to focus group 000001.Disease Select button - BACTERIA (UIImageButton) 
(Filename: ./Runtime/Export/Debug/Debug.bindings.h Line: 39)

Leave focus group  
(Filename: ./Runtime/Export/Debug/Debug.bindings.h Line: 39)

Back to focus group 000001.Disease Select button - BACTERIA (UIImageButton) 
(Filename: ./Runtime/Export/Debug/Debug.bindings.h Line: 39)

Leave focus group  
(Filename: ./Runtime/Export/Debug/Debug.bindings.h Line: 39)

Back to focus group 000001.Disease Select button - BACTERIA (UIImageButton) 
(Filename: ./Runtime/Export/Debug/Debug.bindings.h Line: 39)

Leave focus group  
(Filename: ./Runtime/Export/Debug/Debug.bindings.h Line: 39)

Back to focus group 000001.Disease Select button - BACTERIA (UIImageButton) 
(Filename: ./Runtime/Export/Debug/Debug.bindings.h Line: 39)

Leave focus group  
(Filename: ./Runtime/Export/Debug/Debug.bindings.h Line: 39)

Back to focus group 000001.Disease Select button - BACTERIA (UIImageButton) 
(Filename: ./Runtime/Export/Debug/Debug.bindings.h Line: 39)

Leave focus group 000001.Disease Select button - BACTERIA (UIImageButton) 
(Filename: ./Runtime/Export/Debug/Debug.bindings.h Line: 39)

Back to focus group 01_Toggle_GameMode_Classic (UIImageButton) 
(Filename: ./Runtime/Export/Debug/Debug.bindings.h Line: 39)

Choose category: NONE 
(Filename: ./Runtime/Export/Debug/Debug.bindings.h Line: 39)

Select category NONE 
(Filename: ./Runtime/Export/Debug/Debug.bindings.h Line: 39)

Leave focus group  
(Filename: ./Runtime/Export/Debug/Debug.bindings.h Line: 39)

Back to focus group Button_GeneticModification1 (UIImageButton) 
(Filename: ./Runtime/Export/Debug/Debug.bindings.h Line: 39)

Choose category: NONE 
(Filename: ./Runtime/Export/Debug/Debug.bindings.h Line: 39)

Select category NONE 
(Filename: ./Runtime/Export/Debug/Debug.bindings.h Line: 39)

Leave focus group Button_GeneticModification1 (UIImageButton) 
(Filename: ./Runtime/Export/Debug/Debug.bindings.h Line: 39)

Back to focus group 01_Toggle_GameMode_Classic (UIImageButton) 
(Filename: ./Runtime/Export/Debug/Debug.bindings.h Line: 39)

Leave focus group Button_Difficulty_01 (UIImageButton) 
(Filename: ./Runtime/Export/Debug/Debug.bindings.h Line: 39)

Back to focus group 01_Toggle_GameMode_Classic (UIImageButton) 
(Filename: ./Runtime/Export/Debug/Debug.bindings.h Line: 39)

IMPORTING DISEASE TECH 
(Filename: ./Runtime/Export/Debug/Debug.bindings.h Line: 39)

ADDING DISEASE[BACTERIA]: SPDisease FOR PLAYER: Paulaner Spezi 
(Filename: ./Runtime/Export/Debug/Debug.bindings.h Line: 39)

TRAIL PARTICLES INITIALISE 
(Filename: ./Runtime/Export/Debug/Debug.bindings.h Line: 39)

SetP2UserBubble - bonusObject: 
(Filename: ./Runtime/Export/Debug/Debug.bindings.h Line: 39)

Reset dynamic SFX 
(Filename: ./Runtime/Export/Debug/Debug.bindings.h Line: 39)

PLAY SFX: childrenlaugh 
(Filename: ./Runtime/Export/Debug/Debug.bindings.h Line: 39)

IGame.StartGame() - type:Classic, IsReplayActive:False 
(Filename: ./Runtime/Export/Debug/Debug.bindings.h Line: 39)

DIS[PAX-12] ---totalInf:0 
(Filename: ./Runtime/Export/Debug/Debug.bindings.h Line: 39)

SetP2UserBubble - bonusObject: 
(Filename: ./Runtime/Export/Debug/Debug.bindings.h Line: 39)

SETTING INITIAL SPREADWAVES: 1 
(Filename: ./Runtime/Export/Debug/Debug.bindings.h Line: 39)

PLAY SFX: nowboarding 
(Filename: ./Runtime/Export/Debug/Debug.bindings.h Line: 39)

[31]Disease.EvolveTech[coughing] - free:False, cost:4 
(Filename: ./Runtime/Export/Debug/Debug.bindings.h Line: 39)

_______[0]RECORD TECH_EVOLVED - player.disease:PAX-12 evolved:coughing 
(Filename: ./Runtime/Export/Debug/Debug.bindings.h Line: 39)

Setting up 8 worker threads for Enlighten.
  Thread -> id: 7feb08db26c0 -> priority: 1 
  Thread -> id: 7fea5a1176c0 -> priority: 1 
  Thread -> id: 7feb46b536c0 -> priority: 1 
  Thread -> id: 7feb009fe6c0 -> priority: 1 
  Thread -> id: 7fea633ff6c0 -> priority: 1 
  Thread -> id: 7fea62bfe6c0 -> priority: 1 
  Thread -> id: 7fea6190b6c0 -> priority: 1 
  Thread -> id: 7fea5bfff6c0 -> priority: 1 
CNetworkSteam.OnTerminate 
(Filename: ./Runtime/Export/Debug/Debug.bindings.h Line: 39)

Timed out waiting for game mapping!
STEAM API SHUTDOWN 
(Filename: ./Runtime/Export/Debug/Debug.bindings.h Line: 39)

Curl error 42: Callback aborted
 
(Filename:  Line: 867)

